// Jest Snapshot v1, https://goo.gl/fbAQLP

exports[`fetchPlayer 1`] = `"A07742"`;

exports[`fetchPlayer 2`] = `"A"`;

exports[`fetchPlayer 3`] = `"SepM"`;
